$ git init
Initialized empty Git repository in /home/ccuser/workspace/manhattan-zoo-1/.git/
$ git status
On branch master

Initial commit

Untracked files:
  (use "git add <file>..." to include in what will be committed)

        meal-regimens.txt

nothing added to commit but untracked files present (use "git add" to track)
$ git add meal-regimens.txt 
$ git status
On branch master

Initial commit

Changes to be committed:
  (use "git rm --cached <file>..." to unstage)

        new file:   meal-regimens.txt

$ git commit -m "First Commit"
[master (root-commit) 969eb54] First Commit
 1 file changed, 14 insertions(+)
 create mode 100644 meal-regimens.txt
$ git add meal-regimens.txt 
$ git status
On branch master
Changes to be committed:
  (use "git reset HEAD <file>..." to unstage)

        modified:   meal-regimens.txt

$ git commit
Aborting commit due to empty commit message.
$ git commit -m "Ah here we go"
[master 9ca6838] Ah here we go
 1 file changed, 4 insertions(+)
$ git status
On branch master
nothing to commit, working directory clean
$ git commit -m "Basic Ending"
On branch master
nothing to commit, working directory clean
$ git commit
On branch master
nothing to commit, working directory clean
$ git status
On branch master
Changes not staged for commit:
  (use "git add <file>..." to update what will be committed)
  (use "git checkout -- <file>..." to discard changes in working directory)

        modified:   meal-regimens.txt

no changes added to commit (use "git add" and/or "git commit -a")
$ git commit 
On branch master
Changes not staged for commit:
        modified:   meal-regimens.txt

no changes added to commit
$ git add meal-regimens.txt 
$ git commit
Aborting commit due to empty commit message.
$ git commit -m "Added Two Animals!"
[master 7ac1bbe] Added Two Animals!
 1 file changed, 11 insertions(+), 1 deletion(-)
$ git status
On branch master
nothing to commit, working directory clean
$ 
