$ git init
Initialized empty Git repository in /home/ccuser/workspace/manhattan-zoo-1/.git/
$ git status
On branch master

Initial commit

Untracked files:
  (use "git add <file>..." to include in what will be committed)

        meal-regimens.txt

nothing added to commit but untracked files present (use "git add" to track)
$ git add meal-regimens.txt 
$ git status
On branch master

Initial commit

Changes to be committed:
  (use "git rm --cached <file>..." to unstage)

        new file:   meal-regimens.txt

$ git commit -m "First Commit"
[master (root-commit) 969eb54] First Commit
 1 file changed, 14 insertions(+)
 create mode 100644 meal-regimens.txt
$ git add meal-regimens.txt 
$ git status
On branch master
Changes to be committed:
  (use "git reset HEAD <file>..." to unstage)

        modified:   meal-regimens.txt

$ git commit
Aborting commit due to empty commit message.
$ git commit -m "Ah here we go"
[master 9ca6838] Ah here we go
 1 file changed, 4 insertions(+)
$ git status
On branch master
nothing to commit, working directory clean
$ git commit -m "Basic Ending"
On branch master
nothing to commit, working directory clean
$ git commit
On branch master
nothing to commit, working directory clean
$ git status
On branch master
Changes not staged for commit:
  (use "git add <file>..." to update what will be committed)
  (use "git checkout -- <file>..." to discard changes in working directory)

        modified:   meal-regimens.txt

no changes added to commit (use "git add" and/or "git commit -a")
$ git commit 
On branch master
Changes not staged for commit:
        modified:   meal-regimens.txt

no changes added to commit
$ git add meal-regimens.txt 
$ git commit
Aborting commit due to empty commit message.
$ git commit -m "Added Two Animals!"
[master 7ac1bbe] Added Two Animals!
 1 file changed, 11 insertions(+), 1 deletion(-)
$ git status
On branch master
nothing to commit, working directory clean
$ 

$ git init
Initialized empty Git repository in /home/ccuser/workspace/snapfit-robots/.git/
$ git status
On branch master

Initial commit

Untracked files:
  (use "git add <file>..." to include in what will be committed)

        disclaimer.txt
        instructions.txt
        warranty.txt

nothing added to commit but untracked files present (use "git add" to track)
$ git track disclaimer.txt instructions.txt warranty.txt 
git: 'track' is not a git command. See 'git --help'.

Did you mean one of these?
        branch
        repack
$ git add.
git: 'add.' is not a git command. See 'git --help'.

Did you mean this?
        add
$ git add .
$ git status
On branch master

Initial commit

Changes to be committed:
  (use "git rm --cached <file>..." to unstage)

        new file:   disclaimer.txt
        new file:   instructions.txt
        new file:   warranty.txt

$ git commit -m "Initialzing Files"
[master (root-commit) c206bc6] Initialzing Files
 3 files changed, 70 insertions(+)
 create mode 100644 disclaimer.txt
 create mode 100644 instructions.txt
 create mode 100644 warranty.txt
$ git log
commit c206bc66065c8a2bc968d30648aa13cb076bf120
Author: codecademy <ccuser@codecademy.com>
Date:   Sat Jun 15 14:23:27 2024 +0000

    Initialzing Files
$ git status
On branch master
Changes not staged for commit:
  (use "git add <file>..." to update what will be committed)
  (use "git checkout -- <file>..." to discard changes in working directory)

        modified:   disclaimer.txt

no changes added to commit (use "git add" and/or "git commit -a")
$ git add disclaimer.txt 
$ git commit -m "Added Warning"
[master e868a84] Added Warning
 1 file changed, 1 insertion(+), 1 deletion(-)
$ git log
commit e868a840df50db26ac3def6da15efdd74efd1a9b
Author: codecademy <ccuser@codecademy.com>
Date:   Sat Jun 15 14:24:13 2024 +0000

    Added Warning

commit c206bc66065c8a2bc968d30648aa13cb076bf120
Author: codecademy <ccuser@codecademy.com>
Date:   Sat Jun 15 14:23:27 2024 +0000

    Initialzing Files
$ 

In Case: https://education.github.com/git-cheat-sheet-education.pdf
